Microchip MPLAB XC8 Compiler V2.41

Linker command line:

-W-3 \
  --edf=C:/Program Files/Microchip/MPLABX/v6.10/packs/Microchip/PIC12-16F1xxx_DFP/1.4.213/xc8\pic\dat\20230328142712_en.msgs \
  -cn -h+dist/default/production\SevenSegment.X.production.sym \
  --cmf=dist/default/production\SevenSegment.X.production.cmf -z -Q16F1829 \
  -oC:\Users\SUSANN~1.EDE\AppData\Local\Temp\xcAs4vs.\driver_tmp_3.o \
  --defsym=__MPLAB_BUILD=1 --fixupoverflow=error \
  -Mdist/default/production/SevenSegment.X.production.map \
  --md=C:\Users\SUSANN~1.EDE\AppData\Local\Temp\xcAs4vs.\driver_tmp_0.dat \
  -E1 -ver=XC8 Compiler --acfsm=1493 -ACODE=00h-07FFhx4 \
  -ASTRCODE=00h-01FFFh -ASTRING=00h-0FFhx32 -ACONST=00h-0FFhx32 \
  -AENTRY=00h-0FFhx32 -ACOMMON=070h-07Fh -ABANK0=020h-06Fh \
  -ABANK1=0A0h-0EFh -ABANK2=0120h-016Fh -ABANK3=01A0h-01EFh \
  -ABANK4=0220h-026Fh -ABANK5=02A0h-02EFh -ABANK6=0320h-036Fh \
  -ABANK7=03A0h-03EFh -ABANK8=0420h-046Fh -ABANK9=04A0h-04EFh \
  -ABANK10=0520h-056Fh -ABANK11=05A0h-05EFh -ABANK12=0620h-064Fh \
  -ABIGRAM=02000h-023EFh \
  -ARAM=020h-06Fh,0A0h-0EFh,0120h-016Fh,01A0h-01EFh,0220h-026Fh,02A0h-02EFh,0320h-036Fh,03A0h-03EFh,0420h-046Fh,04A0h-04EFh,0520h-056Fh,05A0h-05EFh,0620h-064Fh \
  -AABS1=020h-07Fh,0A0h-0EFh,0120h-016Fh,01A0h-01EFh,0220h-026Fh,02A0h-02EFh,0320h-036Fh,03A0h-03EFh,0420h-046Fh,04A0h-04EFh,0520h-056Fh,05A0h-05EFh,0620h-064Fh \
  -ASFR0=00h-01Fh -ASFR1=080h-09Fh -ASFR2=0100h-011Fh -ASFR3=0180h-019Fh \
  -ASFR4=0200h-021Fh -ASFR5=0280h-029Fh -ASFR6=0300h-031Fh \
  -ASFR7=0380h-039Fh -ASFR8=0400h-041Fh -ASFR9=0480h-049Fh \
  -ASFR10=0500h-051Fh -ASFR11=0580h-059Fh -ASFR12=0600h-061Fh \
  -ASFR13=0680h-06EFh -ASFR14=0700h-076Fh -ASFR15=0780h-07EFh \
  -ASFR16=0800h-086Fh -ASFR17=0880h-08EFh -ASFR18=0900h-096Fh \
  -ASFR19=0980h-09EFh -ASFR20=0A00h-0A6Fh -ASFR21=0A80h-0AEFh \
  -ASFR22=0B00h-0B6Fh -ASFR23=0B80h-0BEFh -ASFR24=0C00h-0C6Fh \
  -ASFR25=0C80h-0CEFh -ASFR26=0D00h-0D6Fh -ASFR27=0D80h-0DEFh \
  -ASFR28=0E00h-0E6Fh -ASFR29=0E80h-0EEFh -ASFR30=0F00h-0F6Fh \
  -ASFR31=0F80h-0FEFh -ACONFIG=08007h-08008h -DCONFIG=2 \
  -AIDLOC=08000h-08003h -DIDLOC=2 -AEEDATA=00h-0FFh/0F000h \
  -peeprom_data=EEDATA -DEEDATA=2 -DCODE=2 -DSTRCODE=2 -DSTRING=2 -DCONST=2 \
  -DENTRY=2 -preset_vec=00h,intentry=04h,init,end_init -ppowerup=CODE \
  -pcinit=CODE -pfunctab=ENTRY -k \
  C:\Users\SUSANN~1.EDE\AppData\Local\Temp\xcAs4vs.\driver_tmp_15.o \
  dist/default/production\SevenSegment.X.production.o 

Object code version is 3.11

Machine type is 16F1829



                Name                               Link     Load   Length Selector   Space Scale
C:\Users\SUSANN~1.EDE\AppData\Local\Temp\xcAs4vs.\driver_tmp_15.o
                end_init                             19       19        2        8       0
                reset_vec                             0        0        2        0       0
                config                             8007     8007        2        0       4
dist/default/production\SevenSegment.X.production.o
                cinit                                1B       1B       18        8       0
                intentry                              4        4       15        8       0
                config                             8007     8007        2        0       4
                text21                               D9       D9       27        8       0
                text20                              126      126       25        8       0
                text19                               33       33       3D        8       0
                text18                               70       70       36        8       0
                text17                               A6       A6       33        8       0
                text16                              21E      21E        1      434       0
                text15                              1C2      1C2        D        8       0
                text14                              194      194       11        8       0
                text13                              1B5      1B5        D        8       0
                text11                              210      210        6        8       0
                text10                              20A      20A        6        8       0
                text9                               204      204        6        8       0
                text8                               100      100       26        8       0
                text7                               1DB      1DB        C        8       0
                text6                               14B      14B       1D        8       0
                text5                               1CF      1CF        C        8       0
                text4                               1FE      1FE        6        8       0
                text3                               168      168       19        8       0
                text2                               21A      21A        4      434       0
                text1                               181      181       13        8       0
                maintext                            1A5      1A5       10        8       0
                cstackBANK0                          3C       3C        2       20       1
                cstackCOMMON                         70       70        E       70       1
                clrtext                             1F8      1F8        6        8       0
                inittext                            1F2      1F2        6        8       0
                dataBANK0                            31       31        B       20       1
                bssBANK0                             20       20       11       20       1
                stringtext1                         216      216        4      42C       0
                idataBANK0                          1E7      1E7        B        8       0

TOTAL           Name                               Link     Load   Length     Space
        CLASS   CODE           
                end_init                             19       19        2         0
                cinit                                1B       1B       18         0
                intentry                              4        4       15         0
                reset_vec                             0        0        2         0
                text21                               D9       D9       27         0
                text20                              126      126       25         0
                text19                               33       33       3D         0
                text18                               70       70       36         0
                text17                               A6       A6       33         0
                text16                              21E      21E        1         0
                text15                              1C2      1C2        D         0
                text14                              194      194       11         0
                text13                              1B5      1B5        D         0
                text11                              210      210        6         0
                text10                              20A      20A        6         0
                text9                               204      204        6         0
                text8                               100      100       26         0
                text7                               1DB      1DB        C         0
                text6                               14B      14B       1D         0
                text5                               1CF      1CF        C         0
                text4                               1FE      1FE        6         0
                text3                               168      168       19         0
                text2                               21A      21A        4         0
                text1                               181      181       13         0
                maintext                            1A5      1A5       10         0
                clrtext                             1F8      1F8        6         0
                inittext                            1F2      1F2        6         0
                idataBANK0                          1E7      1E7        B         0

        CLASS   STRCODE        
                stringtext1                         216      216        4         0

        CLASS   STRING         

        CLASS   CONST          

        CLASS   ENTRY          

        CLASS   COMMON         
                cstackCOMMON                         70       70        E         1

        CLASS   BANK0          
                cstackBANK0                          3C       3C        2         1
                dataBANK0                            31       31        B         1
                bssBANK0                             20       20       11         1

        CLASS   BANK1          

        CLASS   BANK2          

        CLASS   BANK3          

        CLASS   BANK4          

        CLASS   BANK5          

        CLASS   BANK6          

        CLASS   BANK7          

        CLASS   BANK8          

        CLASS   BANK9          

        CLASS   BANK10         

        CLASS   BANK11         

        CLASS   BANK12         

        CLASS   BIGRAM         

        CLASS   RAM            

        CLASS   ABS1           
                abs_s1                               7E       7E        2         1

        CLASS   SFR0           

        CLASS   SFR1           

        CLASS   SFR2           

        CLASS   SFR3           

        CLASS   SFR4           

        CLASS   SFR5           

        CLASS   SFR6           

        CLASS   SFR7           

        CLASS   SFR8           

        CLASS   SFR9           

        CLASS   SFR10          

        CLASS   SFR11          

        CLASS   SFR12          

        CLASS   SFR13          

        CLASS   SFR14          

        CLASS   SFR15          

        CLASS   SFR16          

        CLASS   SFR17          

        CLASS   SFR18          

        CLASS   SFR19          

        CLASS   SFR20          

        CLASS   SFR21          

        CLASS   SFR22          

        CLASS   SFR23          

        CLASS   SFR24          

        CLASS   SFR25          

        CLASS   SFR26          

        CLASS   SFR27          

        CLASS   SFR28          

        CLASS   SFR29          

        CLASS   SFR30          

        CLASS   SFR31          

        CLASS   CONFIG         
                config                             8007     8007        2         4

        CLASS   IDLOC          

        CLASS   EEDATA         

        CLASS   BANK31         

        CLASS   BANK30         

        CLASS   BANK29         

        CLASS   BANK28         

        CLASS   BANK27         

        CLASS   BANK26         

        CLASS   BANK25         

        CLASS   BANK24         

        CLASS   BANK23         

        CLASS   BANK22         

        CLASS   BANK21         

        CLASS   BANK20         

        CLASS   BANK19         

        CLASS   BANK18         

        CLASS   BANK17         

        CLASS   BANK16         

        CLASS   BANK15         

        CLASS   BANK14         

        CLASS   BANK13         

        CLASS   HEAP           

        CLASS   STACK          



SEGMENTS        Name                           Load    Length   Top    Selector   Space  Class     Delta

                reset_vec                      000000  000002  000002         0       0  CODE        2
                intentry                       000004  000212  000216         8       0  CODE        2
                bssBANK0                       000020  00001E  00003E        20       1  BANK0       1
                cstackCOMMON                   000070  00000E  00007E        70       1  COMMON      1
                stringtext1                    000216  000004  00021A       42C       0  STRCODE     2
                text2                          00021A  000005  00021F       434       0  CODE        2


UNUSED ADDRESS RANGES

        Name                Unused          Largest block    Delta
        BANK0            0003E-0006F              32           1
        BANK1            000A0-000EF              50           1
        BANK10           00520-0056F              50           1
        BANK11           005A0-005EF              50           1
        BANK12           00620-0064F              30           1
        BANK2            00120-0016F              50           1
        BANK3            001A0-001EF              50           1
        BANK4            00220-0026F              50           1
        BANK5            002A0-002EF              50           1
        BANK6            00320-0036F              50           1
        BANK7            003A0-003EF              50           1
        BANK8            00420-0046F              50           1
        BANK9            004A0-004EF              50           1
        BIGRAM           02000-023EF             3F0           1
        CODE             00002-00003               2           2
                         0021F-01FFF             800
        CONST            00002-00003               2           2
                         0021F-01FFF             100
        EEDATA           0F000-0F0FF             100           2
        ENTRY            00002-00003               2           2
                         0021F-01FFF             100
        IDLOC            08000-08003               4           2
        RAM              0003E-0006F              32           1
                         000A0-000EF              50
                         00120-0016F              50
                         001A0-001EF              50
                         00220-0026F              50
                         002A0-002EF              50
                         00320-0036F              50
                         003A0-003EF              50
                         00420-0046F              50
                         004A0-004EF              50
                         00520-0056F              50
                         005A0-005EF              50
                         00620-0064F              30
        SFR0             00000-0001F              20           1
        SFR1             00080-0009F              20           1
        SFR10            00500-0051F              20           1
        SFR11            00580-0059F              20           1
        SFR12            00600-0061F              20           1
        SFR13            00680-006EF              70           1
        SFR14            00700-0076F              70           1
        SFR15            00780-007EF              70           1
        SFR16            00800-0086F              70           1
        SFR17            00880-008EF              70           1
        SFR18            00900-0096F              70           1
        SFR19            00980-009EF              70           1
        SFR2             00100-0011F              20           1
        SFR20            00A00-00A6F              70           1
        SFR21            00A80-00AEF              70           1
        SFR22            00B00-00B6F              70           1
        SFR23            00B80-00BEF              70           1
        SFR24            00C00-00C6F              70           1
        SFR25            00C80-00CEF              70           1
        SFR26            00D00-00D6F              70           1
        SFR27            00D80-00DEF              70           1
        SFR28            00E00-00E6F              70           1
        SFR29            00E80-00EEF              70           1
        SFR3             00180-0019F              20           1
        SFR30            00F00-00F6F              70           1
        SFR31            00F80-00FEF              70           1
        SFR4             00200-0021F              20           1
        SFR5             00280-0029F              20           1
        SFR6             00300-0031F              20           1
        SFR7             00380-0039F              20           1
        SFR8             00400-0041F              20           1
        SFR9             00480-0049F              20           1
        STRCODE          00002-00003               2           2
                         0021F-01FFF            1DE1
        STRING           00002-00003               2           2
                         0021F-01FFF             100

                                  Symbol Table

EUSART_SetErrorHandler@interruptHandler        cstackBANK0  0003C
EUSART_SetFramingErrorHandler@interruptHandler cstackBANK0  0003C
EUSART_SetOverrunErrorHandler@interruptHandler cstackBANK0  0003C
SPI1_ExchangeBlock@block                       cstackCOMMON 00073
SPI1_ExchangeBlock@blockSize                   cstackCOMMON 00070
SPI1_ExchangeBlock@data                        cstackCOMMON 00074
TMR1_SetInterruptHandler@InterruptHandler      cstackBANK0  0003C
TMR1_WriteTimer@timerVal                       cstackCOMMON 00070
_ANSELA                                        (abs)        0018C
_ANSELB                                        (abs)        0018D
_ANSELC                                        (abs)        0018E
_APFCON0                                       (abs)        0011D
_APFCON1                                       (abs)        0011E
_BAUDCON                                       (abs)        0019F
_BORCON                                        (abs)        00116
_DISPLAY_DATA                                  dataBANK0    00031
_DISPLAY_T                                     bssBANK0     0002B
_DISPLAY_W                                     bssBANK0     0002E
_EUSART_DefaultErrorHandler                    (abs)        00000
_EUSART_DefaultFramingErrorHandler             (abs)        00000
_EUSART_DefaultOverrunErrorHandler             (abs)        00000
_EUSART_ErrorHandler                           bssBANK0     00020
_EUSART_FramingErrorHandler                    bssBANK0     00024
_EUSART_Initialize                             text8        00100
_EUSART_OverrunErrorHandler                    bssBANK0     00022
_EUSART_SetErrorHandler                        text11       00210
_EUSART_SetFramingErrorHandler                 text10       0020A
_EUSART_SetOverrunErrorHandler                 text9        00204
_INTCONbits                                    (abs)        0000B
_INTERRUPT_InterruptManager                    intentry     00004
_LATA                                          (abs)        0010C
_LATB                                          (abs)        0010D
_LATBbits                                      (abs)        0010D
_LATC                                          (abs)        0010E
_OPTION_REGbits                                (abs)        00095
_OSCCON                                        (abs)        00099
_OSCILLATOR_Initialize                         text7        001DB
_OSCTUNE                                       (abs)        00098
_PIE1bits                                      (abs)        00091
_PIN_MANAGER_Initialize                        text6        0014B
_PIR1bits                                      (abs)        00011
_PLLR                                          (abs)        004D6
_RCREG                                         (abs)        00199
_RCSTA                                         (abs)        0019D
_RCSTAbits                                     (abs)        0019D
_SPBRGH                                        (abs)        0019C
_SPBRGL                                        (abs)        0019B
_SPI1_ExchangeBlock                            text21       000D9
_SPI1_Initialize                               text5        001CF
_SSP1ADD                                       (abs)        00212
_SSP1BUF                                       (abs)        00211
_SSP1CON1                                      (abs)        00215
_SSP1CON1bits                                  (abs)        00215
_SSP1CON2                                      (abs)        00216
_SSP1STAT                                      (abs)        00214
_SYSTEM_Initialize                             text1        00181
_T1CON                                         (abs)        00018
_T1CONbits                                     (abs)        00018
_T1GCON                                        (abs)        00019
_T1GCONbits                                    (abs)        00019
_TMR1H                                         (abs)        00017
_TMR1L                                         (abs)        00016
_TMR1_CallBack                                 text15       001C2
_TMR1_DefaultInterruptHandler                  text16       0021E
_TMR1_ISR                                      text13       001B5
_TMR1_Initialize                               text3        00168
_TMR1_InterruptHandler                         bssBANK0     00026
_TMR1_SetInterruptHandler                      text4        001FE
_TMR1_WriteTimer                               text14       00194
_TRISA                                         (abs)        0008C
_TRISB                                         (abs)        0008D
_TRISBbits                                     (abs)        0008D
_TRISC                                         (abs)        0008E
_TXREG                                         (abs)        0019A
_TXSTA                                         (abs)        0019E
_TXSTAbits                                     (abs)        0019E
_WDTCON                                        (abs)        00097
_WDT_Initialize                                text2        0021A
_WPUA                                          (abs)        0020C
_WPUB                                          (abs)        0020D
_WPUC                                          (abs)        0020E
__H__absolute__                                __absolute__ 00000
__Habs1                                        abs1         00000
__Hbank0                                       bank0        00000
__Hbank1                                       bank1        00000
__Hbank10                                      bank10       00000
__Hbank11                                      bank11       00000
__Hbank12                                      bank12       00000
__Hbank13                                      bank13       00000
__Hbank14                                      bank14       00000
__Hbank15                                      bank15       00000
__Hbank16                                      bank16       00000
__Hbank17                                      bank17       00000
__Hbank18                                      bank18       00000
__Hbank19                                      bank19       00000
__Hbank2                                       bank2        00000
__Hbank20                                      bank20       00000
__Hbank21                                      bank21       00000
__Hbank22                                      bank22       00000
__Hbank23                                      bank23       00000
__Hbank24                                      bank24       00000
__Hbank25                                      bank25       00000
__Hbank26                                      bank26       00000
__Hbank27                                      bank27       00000
__Hbank28                                      bank28       00000
__Hbank29                                      bank29       00000
__Hbank3                                       bank3        00000
__Hbank30                                      bank30       00000
__Hbank31                                      bank31       00000
__Hbank4                                       bank4        00000
__Hbank5                                       bank5        00000
__Hbank6                                       bank6        00000
__Hbank7                                       bank7        00000
__Hbank8                                       bank8        00000
__Hbank9                                       bank9        00000
__Hbigram                                      bigram       00000
__HbssBANK0                                    bssBANK0     00000
__Hcinit                                       cinit        00033
__Hclrtext                                     clrtext      00000
__Hcode                                        code         00000
__Hcommon                                      common       00000
__Hconfig                                      config       08009
__HcstackBANK0                                 cstackBANK0  00000
__HcstackCOMMON                                cstackCOMMON 00000
__HdataBANK0                                   dataBANK0    00000
__Heeprom_data                                 eeprom_data  00000
__Hend_init                                    end_init     0001B
__Hfunctab                                     functab      00000
__Hheap                                        heap         00000
__HidataBANK0                                  idataBANK0   00000
__Hinit                                        init         00019
__Hinittext                                    inittext     00000
__Hintentry                                    intentry     00019
__Hmaintext                                    maintext     00000
__Hpowerup                                     powerup      00000
__Hram                                         ram          00000
__Hreset_vec                                   reset_vec    00002
__Hsfr0                                        sfr0         00000
__Hsfr1                                        sfr1         00000
__Hsfr10                                       sfr10        00000
__Hsfr11                                       sfr11        00000
__Hsfr12                                       sfr12        00000
__Hsfr13                                       sfr13        00000
__Hsfr14                                       sfr14        00000
__Hsfr15                                       sfr15        00000
__Hsfr16                                       sfr16        00000
__Hsfr17                                       sfr17        00000
__Hsfr18                                       sfr18        00000
__Hsfr19                                       sfr19        00000
__Hsfr2                                        sfr2         00000
__Hsfr20                                       sfr20        00000
__Hsfr21                                       sfr21        00000
__Hsfr22                                       sfr22        00000
__Hsfr23                                       sfr23        00000
__Hsfr24                                       sfr24        00000
__Hsfr25                                       sfr25        00000
__Hsfr26                                       sfr26        00000
__Hsfr27                                       sfr27        00000
__Hsfr28                                       sfr28        00000
__Hsfr29                                       sfr29        00000
__Hsfr3                                        sfr3         00000
__Hsfr30                                       sfr30        00000
__Hsfr31                                       sfr31        00000
__Hsfr4                                        sfr4         00000
__Hsfr5                                        sfr5         00000
__Hsfr6                                        sfr6         00000
__Hsfr7                                        sfr7         00000
__Hsfr8                                        sfr8         00000
__Hsfr9                                        sfr9         00000
__Hspace_0                                     (abs)        0021F
__Hspace_1                                     (abs)        0007E
__Hspace_2                                     (abs)        00000
__Hspace_3                                     (abs)        00000
__Hspace_4                                     (abs)        10010
__Hstack                                       stack        00000
__Hstrings                                     strings      00000
__Hstringtext1                                 stringtext1  00000
__Htext                                        text         00000
__L__absolute__                                __absolute__ 00000
__Labs1                                        abs1         00000
__Lbank0                                       bank0        00000
__Lbank1                                       bank1        00000
__Lbank10                                      bank10       00000
__Lbank11                                      bank11       00000
__Lbank12                                      bank12       00000
__Lbank13                                      bank13       00000
__Lbank14                                      bank14       00000
__Lbank15                                      bank15       00000
__Lbank16                                      bank16       00000
__Lbank17                                      bank17       00000
__Lbank18                                      bank18       00000
__Lbank19                                      bank19       00000
__Lbank2                                       bank2        00000
__Lbank20                                      bank20       00000
__Lbank21                                      bank21       00000
__Lbank22                                      bank22       00000
__Lbank23                                      bank23       00000
__Lbank24                                      bank24       00000
__Lbank25                                      bank25       00000
__Lbank26                                      bank26       00000
__Lbank27                                      bank27       00000
__Lbank28                                      bank28       00000
__Lbank29                                      bank29       00000
__Lbank3                                       bank3        00000
__Lbank30                                      bank30       00000
__Lbank31                                      bank31       00000
__Lbank4                                       bank4        00000
__Lbank5                                       bank5        00000
__Lbank6                                       bank6        00000
__Lbank7                                       bank7        00000
__Lbank8                                       bank8        00000
__Lbank9                                       bank9        00000
__Lbigram                                      bigram       00000
__LbssBANK0                                    bssBANK0     00000
__Lcinit                                       cinit        0001B
__Lclrtext                                     clrtext      00000
__Lcode                                        code         00000
__Lcommon                                      common       00000
__Lconfig                                      config       00000
__LcstackBANK0                                 cstackBANK0  00000
__LcstackCOMMON                                cstackCOMMON 00000
__LdataBANK0                                   dataBANK0    00000
__Leeprom_data                                 eeprom_data  00000
__Lend_init                                    end_init     00019
__Lfunctab                                     functab      00000
__Lheap                                        heap         00000
__LidataBANK0                                  idataBANK0   00000
__Linit                                        init         00019
__Linittext                                    inittext     00000
__Lintentry                                    intentry     00004
__Lmaintext                                    maintext     00000
__Lpowerup                                     powerup      00000
__Lram                                         ram          00000
__Lreset_vec                                   reset_vec    00000
__Lsfr0                                        sfr0         00000
__Lsfr1                                        sfr1         00000
__Lsfr10                                       sfr10        00000
__Lsfr11                                       sfr11        00000
__Lsfr12                                       sfr12        00000
__Lsfr13                                       sfr13        00000
__Lsfr14                                       sfr14        00000
__Lsfr15                                       sfr15        00000
__Lsfr16                                       sfr16        00000
__Lsfr17                                       sfr17        00000
__Lsfr18                                       sfr18        00000
__Lsfr19                                       sfr19        00000
__Lsfr2                                        sfr2         00000
__Lsfr20                                       sfr20        00000
__Lsfr21                                       sfr21        00000
__Lsfr22                                       sfr22        00000
__Lsfr23                                       sfr23        00000
__Lsfr24                                       sfr24        00000
__Lsfr25                                       sfr25        00000
__Lsfr26                                       sfr26        00000
__Lsfr27                                       sfr27        00000
__Lsfr28                                       sfr28        00000
__Lsfr29                                       sfr29        00000
__Lsfr3                                        sfr3         00000
__Lsfr30                                       sfr30        00000
__Lsfr31                                       sfr31        00000
__Lsfr4                                        sfr4         00000
__Lsfr5                                        sfr5         00000
__Lsfr6                                        sfr6         00000
__Lsfr7                                        sfr7         00000
__Lsfr8                                        sfr8         00000
__Lsfr9                                        sfr9         00000
__Lspace_0                                     (abs)        00000
__Lspace_1                                     (abs)        00000
__Lspace_2                                     (abs)        00000
__Lspace_3                                     (abs)        00000
__Lspace_4                                     (abs)        00000
__Lstack                                       stack        00000
__Lstrings                                     strings      00000
__Lstringtext1                                 stringtext1  00000
__Ltext                                        text         00000
__S0                                           (abs)        0021F
__S1                                           (abs)        0007E
__S3                                           (abs)        00000
___heap_hi                                     (abs)        00000
___heap_lo                                     (abs)        00000
___int_sp                                      stack        00000
___latbits                                     (abs)        00002
___sp                                          stack        00000
___stackhi                                     (abs)        00000
___stacklo                                     (abs)        00000
__end_of_EUSART_Initialize                     text8        00126
__end_of_EUSART_SetErrorHandler                text11       00216
__end_of_EUSART_SetFramingErrorHandler         text10       00210
__end_of_EUSART_SetOverrunErrorHandler         text9        0020A
__end_of_INTERRUPT_InterruptManager            intentry     00019
__end_of_OSCILLATOR_Initialize                 text7        001E7
__end_of_PIN_MANAGER_Initialize                text6        00168
__end_of_SPI1_ExchangeBlock                    text21       00100
__end_of_SPI1_Initialize                       text5        001DB
__end_of_SYSTEM_Initialize                     text1        00194
__end_of_TMR1_CallBack                         text15       001CF
__end_of_TMR1_DefaultInterruptHandler          text16       0021F
__end_of_TMR1_ISR                              text13       001C2
__end_of_TMR1_Initialize                       text3        00181
__end_of_TMR1_SetInterruptHandler              text4        00204
__end_of_TMR1_WriteTimer                       text14       001A5
__end_of_WDT_Initialize                        text2        0021E
__end_of__initialization                       cinit        0002F
__end_of_display_data                          text19       00070
__end_of_display_leds                          text18       000A6
__end_of_loop                                  text17       000D9
__end_of_main                                  maintext     001B5
__end_of_memcpy                                text20       0014B
__end_of_spi1_configuration                    stringtext1  0021A
__initialization                               cinit        0001B
__pbssBANK0                                    bssBANK0     00020
__pcstackBANK0                                 cstackBANK0  0003C
__pcstackCOMMON                                cstackCOMMON 00070
__pdataBANK0                                   dataBANK0    00031
__pidataBANK0                                  idataBANK0   001E7
__pintentry                                    intentry     00004
__pmaintext                                    maintext     001A5
__pstringtext1                                 stringtext1  00216
__ptext1                                       text1        00181
__ptext10                                      text10       0020A
__ptext11                                      text11       00210
__ptext13                                      text13       001B5
__ptext14                                      text14       00194
__ptext15                                      text15       001C2
__ptext16                                      text16       0021E
__ptext17                                      text17       000A6
__ptext18                                      text18       00070
__ptext19                                      text19       00033
__ptext2                                       text2        0021A
__ptext20                                      text20       00126
__ptext21                                      text21       000D9
__ptext3                                       text3        00168
__ptext4                                       text4        001FE
__ptext5                                       text5        001CF
__ptext6                                       text6        0014B
__ptext7                                       text7        001DB
__ptext8                                       text8        00100
__ptext9                                       text9        00204
_display_data                                  text19       00033
_display_leds                                  text18       00070
_eusartRxLastError                             bssBANK0     0002A
_i                                             dataBANK0    0003B
_loop                                          text17       000A6
_main                                          maintext     001A5
_memcpy                                        text20       00126
_spi1_configuration                            stringtext1  00216
_timer1ReloadVal                               bssBANK0     00028
btemp                                          (abs)        0007E
clear_ram0                                     clrtext      001F8
display_data@NUMBER                            cstackCOMMON 00078
display_data@SEGMENT                           cstackCOMMON 0007B
display_data@tmp                               cstackCOMMON 0007A
display_leds@LED_NUMBER                        cstackCOMMON 0007C
display_leds@VALUE                             cstackCOMMON 00078
display_leds@tmp                               cstackCOMMON 0007B
end_of_initialization                          cinit        0002F
init_ram                                       inittext     001F2
int$flags                                      (abs)        0007E
intlevel0                                      functab      00000
intlevel1                                      functab      00000
intlevel2                                      functab      00000
intlevel3                                      functab      00000
intlevel4                                      functab      00000
intlevel5                                      functab      00000
memcpy@d                                       cstackCOMMON 00075
memcpy@d1                                      cstackCOMMON 00077
memcpy@n                                       cstackCOMMON 00071
memcpy@s                                       cstackCOMMON 00076
memcpy@s1                                      cstackCOMMON 00070
memcpy@tmp                                     cstackCOMMON 00074
reset_vec                                      reset_vec    00000
start                                          init         00019
start_initialization                           cinit        0001B
wtemp0                                         (abs)        0007E


MODULE INFORMATION

Module		Function		Class		Link	Load	Size
mcc_generated_files/interrupt_manager.c
		_INTERRUPT_InterruptManager		CODE           	0004	0000	21

mcc_generated_files/interrupt_manager.c estimated size: 21

mcc_generated_files/pin_manager.c
		_PIN_MANAGER_Initialize		CODE           	014B	0000	29

mcc_generated_files/pin_manager.c estimated size: 29

mcc_generated_files/spi1.c
		_SPI1_ExchangeBlock		CODE           	00D9	0000	39
		_SPI1_Initialize		CODE           	01CF	0000	12

mcc_generated_files/spi1.c estimated size: 51

shared
		__initialization		CODE           	001B	0000	20
		_spi1_configuration		STRCODE        	0216	0000	4

shared estimated size: 24

mcc_generated_files/mcc.c
		_WDT_Initialize		CODE           	021A	0000	4
		_OSCILLATOR_Initialize		CODE           	01DB	0000	12
		_SYSTEM_Initialize		CODE           	0181	0000	19

mcc_generated_files/mcc.c estimated size: 35

C:\Program Files\Microchip\xc8\v2.41\pic\sources\c99\common\memcpy.c
		_memcpy        		CODE           	0126	0000	37

C:\Program Files\Microchip\xc8\v2.41\pic\sources\c99\common\memcpy.c estimated size: 37

mcc_generated_files/tmr1.c
		_TMR1_Initialize		CODE           	0168	0000	25
		_TMR1_SetInterruptHandler		CODE           	01FE	0000	6
		_TMR1_DefaultInterruptHandler		CODE           	021E	0000	1
		_TMR1_CallBack 		CODE           	01C2	0000	13
		_TMR1_WriteTimer		CODE           	0194	0000	17
		_TMR1_ISR      		CODE           	01B5	0000	13

mcc_generated_files/tmr1.c estimated size: 75

mcc_generated_files/eusart.c
		_EUSART_Initialize		CODE           	0100	0000	38
		_EUSART_SetFramingErrorHandler		CODE           	020A	0000	6
		_EUSART_SetErrorHandler		CODE           	0210	0000	6
		_EUSART_SetOverrunErrorHandler		CODE           	0204	0000	6

mcc_generated_files/eusart.c estimated size: 56

main.c
		_loop          		CODE           	00A6	0000	51
		_display_data  		CODE           	0033	0000	61
		_display_leds  		CODE           	0070	0000	54
		_main          		CODE           	01A5	0000	16

main.c estimated size: 182

