Microchip MPLAB XC8 Compiler V2.41

Linker command line:

-W-3 \
  --edf=C:/Program Files/Microchip/MPLABX/v6.10/packs/Microchip/PIC12-16F1xxx_DFP/1.4.213/xc8\pic\dat\20230328142712_en.msgs \
  -cn -h+dist/default/production\Test.X.production.sym \
  --cmf=dist/default/production\Test.X.production.cmf -z -Q16F1829 \
  -oC:\Users\SUSANN~1.EDE\AppData\Local\Temp\xcAs5tk.\driver_tmp_3.o \
  --defsym=__MPLAB_BUILD=1 --fixupoverflow=error \
  -Mdist/default/production/Test.X.production.map \
  --md=C:\Users\SUSANN~1.EDE\AppData\Local\Temp\xcAs5tk.\driver_tmp_0.dat \
  -E1 -ver=XC8 Compiler --acfsm=1493 -ACODE=00h-07FFhx4 \
  -ASTRCODE=00h-01FFFh -ASTRING=00h-0FFhx32 -ACONST=00h-0FFhx32 \
  -AENTRY=00h-0FFhx32 -ACOMMON=070h-07Fh -ABANK0=020h-06Fh \
  -ABANK1=0A0h-0EFh -ABANK2=0120h-016Fh -ABANK3=01A0h-01EFh \
  -ABANK4=0220h-026Fh -ABANK5=02A0h-02EFh -ABANK6=0320h-036Fh \
  -ABANK7=03A0h-03EFh -ABANK8=0420h-046Fh -ABANK9=04A0h-04EFh \
  -ABANK10=0520h-056Fh -ABANK11=05A0h-05EFh -ABANK12=0620h-064Fh \
  -ABIGRAM=02000h-023EFh \
  -ARAM=020h-06Fh,0A0h-0EFh,0120h-016Fh,01A0h-01EFh,0220h-026Fh,02A0h-02EFh,0320h-036Fh,03A0h-03EFh,0420h-046Fh,04A0h-04EFh,0520h-056Fh,05A0h-05EFh,0620h-064Fh \
  -AABS1=020h-07Fh,0A0h-0EFh,0120h-016Fh,01A0h-01EFh,0220h-026Fh,02A0h-02EFh,0320h-036Fh,03A0h-03EFh,0420h-046Fh,04A0h-04EFh,0520h-056Fh,05A0h-05EFh,0620h-064Fh \
  -ASFR0=00h-01Fh -ASFR1=080h-09Fh -ASFR2=0100h-011Fh -ASFR3=0180h-019Fh \
  -ASFR4=0200h-021Fh -ASFR5=0280h-029Fh -ASFR6=0300h-031Fh \
  -ASFR7=0380h-039Fh -ASFR8=0400h-041Fh -ASFR9=0480h-049Fh \
  -ASFR10=0500h-051Fh -ASFR11=0580h-059Fh -ASFR12=0600h-061Fh \
  -ASFR13=0680h-06EFh -ASFR14=0700h-076Fh -ASFR15=0780h-07EFh \
  -ASFR16=0800h-086Fh -ASFR17=0880h-08EFh -ASFR18=0900h-096Fh \
  -ASFR19=0980h-09EFh -ASFR20=0A00h-0A6Fh -ASFR21=0A80h-0AEFh \
  -ASFR22=0B00h-0B6Fh -ASFR23=0B80h-0BEFh -ASFR24=0C00h-0C6Fh \
  -ASFR25=0C80h-0CEFh -ASFR26=0D00h-0D6Fh -ASFR27=0D80h-0DEFh \
  -ASFR28=0E00h-0E6Fh -ASFR29=0E80h-0EEFh -ASFR30=0F00h-0F6Fh \
  -ASFR31=0F80h-0FEFh -ACONFIG=08007h-08008h -DCONFIG=2 \
  -AIDLOC=08000h-08003h -DIDLOC=2 -AEEDATA=00h-0FFh/0F000h \
  -peeprom_data=EEDATA -DEEDATA=2 -DCODE=2 -DSTRCODE=2 -DSTRING=2 -DCONST=2 \
  -DENTRY=2 -preset_vec=00h,intentry=04h,init,end_init -ppowerup=CODE \
  -pcinit=CODE -pfunctab=ENTRY -k \
  C:\Users\SUSANN~1.EDE\AppData\Local\Temp\xcAs5tk.\driver_tmp_20.o \
  dist/default/production\Test.X.production.o 

Object code version is 3.11

Machine type is 16F1829



                Name                               Link     Load   Length Selector   Space Scale
C:\Users\SUSANN~1.EDE\AppData\Local\Temp\xcAs5tk.\driver_tmp_20.o
                end_init                             19       19        2        8       0
                reset_vec                             0        0        2        0       0
                config                             8007     8007        2        0       4
dist/default/production\Test.X.production.o
                cinit                                1B       1B       22        8       0
                intentry                              4        4       15        8       0
                config                             8007     8007        2        0       4
                text29                              230      230       27        8       0
                text28                              2A3      2A3       25        8       0
                text27                              2C8      2C8       23        8       0
                text26                              413      413        1      746       0
                text25                              3BB      3BB        C      746       0
                text24                              369      369       11        8       0
                text23                              38A      38A        D        8       0
                text21                              3ED      3ED        9      746       0
                text20                              3E4      3E4        9      746       0
                text19                              3DB      3DB        9      746       0
                text18                              27D      27D       26        8       0
                text17                              3AF      3AF        C      746       0
                text16                              309      309       1D        8       0
                text15                              3A3      3A3        C      746       0
                text14                              409      409        6      746       0
                text13                              326      326       19        8       0
                text12                              40F      40F        4      746       0
                text11                              356      356       13        8       0
                text10                              3D1      3D1        A      746       0
                text9                               3F6      3F6        7      746       0
                text8                               150      150       5F        8       0
                text7                               257      257       26        8       0
                text6                               1F8      1F8       38        8       0
                text5                                CF       CF       81        8       0
                text4                                3D       3D       92        8       0
                text3                               2EB      2EB       1E        8       0
                text2                               37A      37A       10        8       0
                text1                               1AF      1AF       49        8       0
                maintext                            33F      33F       17        8       0
                cstackBANK0                          20       20       4B       20       1
                cstackCOMMON                         70       70        8       70       1
                clrtext                             403      403        6      746       0
                inittext                            3FD      3FD        6      746       0
                dataBANK1                            CC       CC        A       A0       1
                bssBANK1                             A0       A0       2C       A0       1
                bssBANK0                             6B       6B        4       20       1
                bssCOMMON                            78       78        6       70       1
                stringtext1                         397      397        C      72E       0
                idataBANK1                          3C7      3C7        A      746       0

TOTAL           Name                               Link     Load   Length     Space
        CLASS   CODE           
                end_init                             19       19        2         0
                cinit                                1B       1B       22         0
                intentry                              4        4       15         0
                reset_vec                             0        0        2         0
                text29                              230      230       27         0
                text28                              2A3      2A3       25         0
                text27                              2C8      2C8       23         0
                text26                              413      413        1         0
                text25                              3BB      3BB        C         0
                text24                              369      369       11         0
                text23                              38A      38A        D         0
                text21                              3ED      3ED        9         0
                text20                              3E4      3E4        9         0
                text19                              3DB      3DB        9         0
                text18                              27D      27D       26         0
                text17                              3AF      3AF        C         0
                text16                              309      309       1D         0
                text15                              3A3      3A3        C         0
                text14                              409      409        6         0
                text13                              326      326       19         0
                text12                              40F      40F        4         0
                text11                              356      356       13         0
                text10                              3D1      3D1        A         0
                text9                               3F6      3F6        7         0
                text8                               150      150       5F         0
                text7                               257      257       26         0
                text6                               1F8      1F8       38         0
                text5                                CF       CF       81         0
                text4                                3D       3D       92         0
                text3                               2EB      2EB       1E         0
                text2                               37A      37A       10         0
                text1                               1AF      1AF       49         0
                maintext                            33F      33F       17         0
                clrtext                             403      403        6         0
                inittext                            3FD      3FD        6         0
                idataBANK1                          3C7      3C7        A         0

        CLASS   STRCODE        
                stringtext1                         397      397        C         0

        CLASS   STRING         

        CLASS   CONST          

        CLASS   ENTRY          

        CLASS   COMMON         
                cstackCOMMON                         70       70        8         1
                bssCOMMON                            78       78        6         1

        CLASS   BANK0          
                cstackBANK0                          20       20       4B         1
                bssBANK0                             6B       6B        4         1

        CLASS   BANK1          
                dataBANK1                            CC       CC        A         1
                bssBANK1                             A0       A0       2C         1

        CLASS   BANK2          

        CLASS   BANK3          

        CLASS   BANK4          

        CLASS   BANK5          

        CLASS   BANK6          

        CLASS   BANK7          

        CLASS   BANK8          

        CLASS   BANK9          

        CLASS   BANK10         

        CLASS   BANK11         

        CLASS   BANK12         

        CLASS   BIGRAM         

        CLASS   RAM            

        CLASS   ABS1           
                abs_s1                               7E       7E        2         1

        CLASS   SFR0           

        CLASS   SFR1           

        CLASS   SFR2           

        CLASS   SFR3           

        CLASS   SFR4           

        CLASS   SFR5           

        CLASS   SFR6           

        CLASS   SFR7           

        CLASS   SFR8           

        CLASS   SFR9           

        CLASS   SFR10          

        CLASS   SFR11          

        CLASS   SFR12          

        CLASS   SFR13          

        CLASS   SFR14          

        CLASS   SFR15          

        CLASS   SFR16          

        CLASS   SFR17          

        CLASS   SFR18          

        CLASS   SFR19          

        CLASS   SFR20          

        CLASS   SFR21          

        CLASS   SFR22          

        CLASS   SFR23          

        CLASS   SFR24          

        CLASS   SFR25          

        CLASS   SFR26          

        CLASS   SFR27          

        CLASS   SFR28          

        CLASS   SFR29          

        CLASS   SFR30          

        CLASS   SFR31          

        CLASS   CONFIG         
                config                             8007     8007        2         4

        CLASS   IDLOC          

        CLASS   EEDATA         

        CLASS   BANK31         

        CLASS   BANK30         

        CLASS   BANK29         

        CLASS   BANK28         

        CLASS   BANK27         

        CLASS   BANK26         

        CLASS   BANK25         

        CLASS   BANK24         

        CLASS   BANK23         

        CLASS   BANK22         

        CLASS   BANK21         

        CLASS   BANK20         

        CLASS   BANK19         

        CLASS   BANK18         

        CLASS   BANK17         

        CLASS   BANK16         

        CLASS   BANK15         

        CLASS   BANK14         

        CLASS   BANK13         

        CLASS   HEAP           

        CLASS   STACK          



SEGMENTS        Name                           Load    Length   Top    Selector   Space  Class     Delta

                reset_vec                      000000  000002  000002         0       0  CODE        2
                intentry                       000004  000393  000397         8       0  CODE        2
                cstackBANK0                    000020  00004F  00006F        20       1  BANK0       1
                cstackCOMMON                   000070  00000E  00007E        70       1  COMMON      1
                bssBANK1                       0000A0  000036  0000D6        A0       1  BANK1       1
                stringtext1                    000397  00000C  0003A3       72E       0  STRCODE     2
                text15                         0003A3  000071  000414       746       0  CODE        2


UNUSED ADDRESS RANGES

        Name                Unused          Largest block    Delta
        BANK0            0006F-0006F               1           1
        BANK1            000D6-000EF              1A           1
        BANK10           00520-0056F              50           1
        BANK11           005A0-005EF              50           1
        BANK12           00620-0064F              30           1
        BANK2            00120-0016F              50           1
        BANK3            001A0-001EF              50           1
        BANK4            00220-0026F              50           1
        BANK5            002A0-002EF              50           1
        BANK6            00320-0036F              50           1
        BANK7            003A0-003EF              50           1
        BANK8            00420-0046F              50           1
        BANK9            004A0-004EF              50           1
        BIGRAM           02000-023EF             3F0           1
        CODE             00002-00003               2           2
                         00414-01FFF             800
        CONST            00002-00003               2           2
                         00414-01FFF             100
        EEDATA           0F000-0F0FF             100           2
        ENTRY            00002-00003               2           2
                         00414-01FFF             100
        IDLOC            08000-08003               4           2
        RAM              0006F-0006F               1           1
                         000D6-000EF              1A
                         00120-0016F              50
                         001A0-001EF              50
                         00220-0026F              50
                         002A0-002EF              50
                         00320-0036F              50
                         003A0-003EF              50
                         00420-0046F              50
                         004A0-004EF              50
                         00520-0056F              50
                         005A0-005EF              50
                         00620-0064F              30
        SFR0             00000-0001F              20           1
        SFR1             00080-0009F              20           1
        SFR10            00500-0051F              20           1
        SFR11            00580-0059F              20           1
        SFR12            00600-0061F              20           1
        SFR13            00680-006EF              70           1
        SFR14            00700-0076F              70           1
        SFR15            00780-007EF              70           1
        SFR16            00800-0086F              70           1
        SFR17            00880-008EF              70           1
        SFR18            00900-0096F              70           1
        SFR19            00980-009EF              70           1
        SFR2             00100-0011F              20           1
        SFR20            00A00-00A6F              70           1
        SFR21            00A80-00AEF              70           1
        SFR22            00B00-00B6F              70           1
        SFR23            00B80-00BEF              70           1
        SFR24            00C00-00C6F              70           1
        SFR25            00C80-00CEF              70           1
        SFR26            00D00-00D6F              70           1
        SFR27            00D80-00DEF              70           1
        SFR28            00E00-00E6F              70           1
        SFR29            00E80-00EEF              70           1
        SFR3             00180-0019F              20           1
        SFR30            00F00-00F6F              70           1
        SFR31            00F80-00FEF              70           1
        SFR4             00200-0021F              20           1
        SFR5             00280-0029F              20           1
        SFR6             00300-0031F              20           1
        SFR7             00380-0039F              20           1
        SFR8             00400-0041F              20           1
        SFR9             00480-0049F              20           1
        STRCODE          00002-00003               2           2
                         00414-01FFF            1BEC
        STRING           00002-00003               2           2
                         00414-01FFF             100

                                  Symbol Table

?_printf                                       cstackBANK0  00061
?_vfprintf                                     cstackBANK0  00059
EUSART_SetErrorHandler@interruptHandler        cstackBANK0  00020
EUSART_SetFramingErrorHandler@interruptHandler cstackBANK0  00020
EUSART_SetOverrunErrorHandler@interruptHandler cstackBANK0  00020
EUSART_Write@txData                            cstackBANK0  00020
SPI1_ExchangeBlock@block                       cstackCOMMON 00073
SPI1_ExchangeBlock@blockSize                   cstackCOMMON 00070
SPI1_ExchangeBlock@data                        cstackCOMMON 00074
TMR1_SetInterruptHandler@InterruptHandler      cstackBANK0  00020
TMR1_WriteTimer@timerVal                       cstackCOMMON 00070
_ANSELA                                        (abs)        0018C
_ANSELB                                        (abs)        0018D
_ANSELC                                        (abs)        0018E
_APFCON0                                       (abs)        0011D
_APFCON1                                       (abs)        0011E
_BAUDCON                                       (abs)        0019F
_BORCON                                        (abs)        00116
_DISPLAY_DATA                                  dataBANK1    000CC
_DISPLAY_T                                     bssBANK1     000C6
_DISPLAY_W                                     bssBANK1     000C9
_EUSART_DefaultErrorHandler                    (abs)        00000
_EUSART_DefaultFramingErrorHandler             (abs)        00000
_EUSART_DefaultOverrunErrorHandler             (abs)        00000
_EUSART_ErrorHandler                           bssBANK1     000A0
_EUSART_FramingErrorHandler                    bssBANK1     000A4
_EUSART_Initialize                             text18       0027D
_EUSART_OverrunErrorHandler                    bssBANK1     000A2
_EUSART_SetErrorHandler                        text21       003ED
_EUSART_SetFramingErrorHandler                 text20       003E4
_EUSART_SetOverrunErrorHandler                 text19       003DB
_EUSART_Write                                  text10       003D1
_INTCONbits                                    (abs)        0000B
_INTERRUPT_InterruptManager                    intentry     00004
_LATA                                          (abs)        0010C
_LATB                                          (abs)        0010D
_LATBbits                                      (abs)        0010D
_LATC                                          (abs)        0010E
_OPTION_REGbits                                (abs)        00095
_OSCCON                                        (abs)        00099
_OSCILLATOR_Initialize                         text17       003AF
_OSCTUNE                                       (abs)        00098
_PIE1bits                                      (abs)        00091
_PIN_MANAGER_Initialize                        text16       00309
_PIR1bits                                      (abs)        00011
_PLLR                                          (abs)        004D6
_RCREG                                         (abs)        00199
_RCSTA                                         (abs)        0019D
_RCSTAbits                                     (abs)        0019D
_SPBRGH                                        (abs)        0019C
_SPBRGL                                        (abs)        0019B
_SPI1_ExchangeBlock                            text29       00230
_SPI1_Initialize                               text15       003A3
_SSP1ADD                                       (abs)        00212
_SSP1BUF                                       (abs)        00211
_SSP1CON1                                      (abs)        00215
_SSP1CON1bits                                  (abs)        00215
_SSP1CON2                                      (abs)        00216
_SSP1STAT                                      (abs)        00214
_SYSTEM_Initialize                             text11       00356
_T1CON                                         (abs)        00018
_T1CONbits                                     (abs)        00018
_T1GCON                                        (abs)        00019
_T1GCONbits                                    (abs)        00019
_TMR1H                                         (abs)        00017
_TMR1L                                         (abs)        00016
_TMR1_CallBack                                 text25       003BB
_TMR1_DefaultInterruptHandler                  text26       00413
_TMR1_ISR                                      text23       0038A
_TMR1_Initialize                               text13       00326
_TMR1_InterruptHandler                         bssCOMMON    0007A
_TMR1_SetInterruptHandler                      text14       00409
_TMR1_WriteTimer                               text24       00369
_TRISA                                         (abs)        0008C
_TRISB                                         (abs)        0008D
_TRISBbits                                     (abs)        0008D
_TRISC                                         (abs)        0008E
_TXREG                                         (abs)        0019A
_TXSTA                                         (abs)        0019E
_TXSTAbits                                     (abs)        0019E
_WDTCON                                        (abs)        00097
_WDT_Initialize                                text12       0040F
_WPUA                                          (abs)        0020C
_WPUB                                          (abs)        0020D
_WPUC                                          (abs)        0020E
__H__absolute__                                __absolute__ 00000
__Habs1                                        abs1         00000
__Hbank0                                       bank0        00000
__Hbank1                                       bank1        00000
__Hbank10                                      bank10       00000
__Hbank11                                      bank11       00000
__Hbank12                                      bank12       00000
__Hbank13                                      bank13       00000
__Hbank14                                      bank14       00000
__Hbank15                                      bank15       00000
__Hbank16                                      bank16       00000
__Hbank17                                      bank17       00000
__Hbank18                                      bank18       00000
__Hbank19                                      bank19       00000
__Hbank2                                       bank2        00000
__Hbank20                                      bank20       00000
__Hbank21                                      bank21       00000
__Hbank22                                      bank22       00000
__Hbank23                                      bank23       00000
__Hbank24                                      bank24       00000
__Hbank25                                      bank25       00000
__Hbank26                                      bank26       00000
__Hbank27                                      bank27       00000
__Hbank28                                      bank28       00000
__Hbank29                                      bank29       00000
__Hbank3                                       bank3        00000
__Hbank30                                      bank30       00000
__Hbank31                                      bank31       00000
__Hbank4                                       bank4        00000
__Hbank5                                       bank5        00000
__Hbank6                                       bank6        00000
__Hbank7                                       bank7        00000
__Hbank8                                       bank8        00000
__Hbank9                                       bank9        00000
__Hbigram                                      bigram       00000
__HbssBANK0                                    bssBANK0     00000
__HbssBANK1                                    bssBANK1     00000
__HbssCOMMON                                   bssCOMMON    00000
__Hcinit                                       cinit        0003D
__Hclrtext                                     clrtext      00000
__Hcode                                        code         00000
__Hcommon                                      common       00000
__Hconfig                                      config       08009
__HcstackBANK0                                 cstackBANK0  00000
__HcstackCOMMON                                cstackCOMMON 00000
__HdataBANK1                                   dataBANK1    00000
__Heeprom_data                                 eeprom_data  00000
__Hend_init                                    end_init     0001B
__Hfunctab                                     functab      00000
__Hheap                                        heap         00000
__HidataBANK1                                  idataBANK1   00000
__Hinit                                        init         00019
__Hinittext                                    inittext     00000
__Hintentry                                    intentry     00019
__Hmaintext                                    maintext     00000
__Hpowerup                                     powerup      00000
__Hram                                         ram          00000
__Hreset_vec                                   reset_vec    00002
__Hsfr0                                        sfr0         00000
__Hsfr1                                        sfr1         00000
__Hsfr10                                       sfr10        00000
__Hsfr11                                       sfr11        00000
__Hsfr12                                       sfr12        00000
__Hsfr13                                       sfr13        00000
__Hsfr14                                       sfr14        00000
__Hsfr15                                       sfr15        00000
__Hsfr16                                       sfr16        00000
__Hsfr17                                       sfr17        00000
__Hsfr18                                       sfr18        00000
__Hsfr19                                       sfr19        00000
__Hsfr2                                        sfr2         00000
__Hsfr20                                       sfr20        00000
__Hsfr21                                       sfr21        00000
__Hsfr22                                       sfr22        00000
__Hsfr23                                       sfr23        00000
__Hsfr24                                       sfr24        00000
__Hsfr25                                       sfr25        00000
__Hsfr26                                       sfr26        00000
__Hsfr27                                       sfr27        00000
__Hsfr28                                       sfr28        00000
__Hsfr29                                       sfr29        00000
__Hsfr3                                        sfr3         00000
__Hsfr30                                       sfr30        00000
__Hsfr31                                       sfr31        00000
__Hsfr4                                        sfr4         00000
__Hsfr5                                        sfr5         00000
__Hsfr6                                        sfr6         00000
__Hsfr7                                        sfr7         00000
__Hsfr8                                        sfr8         00000
__Hsfr9                                        sfr9         00000
__Hspace_0                                     (abs)        00414
__Hspace_1                                     (abs)        000D6
__Hspace_2                                     (abs)        00000
__Hspace_3                                     (abs)        00000
__Hspace_4                                     (abs)        10010
__Hstack                                       stack        00000
__Hstrings                                     strings      00000
__Hstringtext1                                 stringtext1  00000
__Hstringtext2                                 stringtext2  00000
__Htext                                        text         00000
__L__absolute__                                __absolute__ 00000
__Labs1                                        abs1         00000
__Lbank0                                       bank0        00000
__Lbank1                                       bank1        00000
__Lbank10                                      bank10       00000
__Lbank11                                      bank11       00000
__Lbank12                                      bank12       00000
__Lbank13                                      bank13       00000
__Lbank14                                      bank14       00000
__Lbank15                                      bank15       00000
__Lbank16                                      bank16       00000
__Lbank17                                      bank17       00000
__Lbank18                                      bank18       00000
__Lbank19                                      bank19       00000
__Lbank2                                       bank2        00000
__Lbank20                                      bank20       00000
__Lbank21                                      bank21       00000
__Lbank22                                      bank22       00000
__Lbank23                                      bank23       00000
__Lbank24                                      bank24       00000
__Lbank25                                      bank25       00000
__Lbank26                                      bank26       00000
__Lbank27                                      bank27       00000
__Lbank28                                      bank28       00000
__Lbank29                                      bank29       00000
__Lbank3                                       bank3        00000
__Lbank30                                      bank30       00000
__Lbank31                                      bank31       00000
__Lbank4                                       bank4        00000
__Lbank5                                       bank5        00000
__Lbank6                                       bank6        00000
__Lbank7                                       bank7        00000
__Lbank8                                       bank8        00000
__Lbank9                                       bank9        00000
__Lbigram                                      bigram       00000
__LbssBANK0                                    bssBANK0     00000
__LbssBANK1                                    bssBANK1     00000
__LbssCOMMON                                   bssCOMMON    00000
__Lcinit                                       cinit        0001B
__Lclrtext                                     clrtext      00000
__Lcode                                        code         00000
__Lcommon                                      common       00000
__Lconfig                                      config       00000
__LcstackBANK0                                 cstackBANK0  00000
__LcstackCOMMON                                cstackCOMMON 00000
__LdataBANK1                                   dataBANK1    00000
__Leeprom_data                                 eeprom_data  00000
__Lend_init                                    end_init     00019
__Lfunctab                                     functab      00000
__Lheap                                        heap         00000
__LidataBANK1                                  idataBANK1   00000
__Linit                                        init         00019
__Linittext                                    inittext     00000
__Lintentry                                    intentry     00004
__Lmaintext                                    maintext     00000
__Lpowerup                                     powerup      00000
__Lram                                         ram          00000
__Lreset_vec                                   reset_vec    00000
__Lsfr0                                        sfr0         00000
__Lsfr1                                        sfr1         00000
__Lsfr10                                       sfr10        00000
__Lsfr11                                       sfr11        00000
__Lsfr12                                       sfr12        00000
__Lsfr13                                       sfr13        00000
__Lsfr14                                       sfr14        00000
__Lsfr15                                       sfr15        00000
__Lsfr16                                       sfr16        00000
__Lsfr17                                       sfr17        00000
__Lsfr18                                       sfr18        00000
__Lsfr19                                       sfr19        00000
__Lsfr2                                        sfr2         00000
__Lsfr20                                       sfr20        00000
__Lsfr21                                       sfr21        00000
__Lsfr22                                       sfr22        00000
__Lsfr23                                       sfr23        00000
__Lsfr24                                       sfr24        00000
__Lsfr25                                       sfr25        00000
__Lsfr26                                       sfr26        00000
__Lsfr27                                       sfr27        00000
__Lsfr28                                       sfr28        00000
__Lsfr29                                       sfr29        00000
__Lsfr3                                        sfr3         00000
__Lsfr30                                       sfr30        00000
__Lsfr31                                       sfr31        00000
__Lsfr4                                        sfr4         00000
__Lsfr5                                        sfr5         00000
__Lsfr6                                        sfr6         00000
__Lsfr7                                        sfr7         00000
__Lsfr8                                        sfr8         00000
__Lsfr9                                        sfr9         00000
__Lspace_0                                     (abs)        00000
__Lspace_1                                     (abs)        00000
__Lspace_2                                     (abs)        00000
__Lspace_3                                     (abs)        00000
__Lspace_4                                     (abs)        00000
__Lstack                                       stack        00000
__Lstrings                                     strings      00000
__Lstringtext1                                 stringtext1  00000
__Lstringtext2                                 stringtext2  00000
__Ltext                                        text         00000
__S0                                           (abs)        00414
__S1                                           (abs)        000D6
__S3                                           (abs)        00000
___heap_hi                                     (abs)        00000
___heap_lo                                     (abs)        00000
___int_sp                                      stack        00000
___latbits                                     (abs)        00002
___sp                                          stack        00000
___stackhi                                     (abs)        00000
___stacklo                                     (abs)        00000
__end_of_EUSART_Initialize                     text18       002A3
__end_of_EUSART_SetErrorHandler                text21       003F6
__end_of_EUSART_SetFramingErrorHandler         text20       003ED
__end_of_EUSART_SetOverrunErrorHandler         text19       003E4
__end_of_EUSART_Write                          text10       003DB
__end_of_INTERRUPT_InterruptManager            intentry     00019
__end_of_OSCILLATOR_Initialize                 text17       003BB
__end_of_PIN_MANAGER_Initialize                text16       00326
__end_of_SPI1_ExchangeBlock                    text29       00257
__end_of_SPI1_Initialize                       text15       003AF
__end_of_SYSTEM_Initialize                     text11       00369
__end_of_TMR1_CallBack                         text25       003C7
__end_of_TMR1_DefaultInterruptHandler          text26       00414
__end_of_TMR1_ISR                              text23       00397
__end_of_TMR1_Initialize                       text13       0033F
__end_of_TMR1_SetInterruptHandler              text14       0040F
__end_of_TMR1_WriteTimer                       text24       0037A
__end_of_WDT_Initialize                        text12       00413
__end_of__initialization                       cinit        00039
__end_of_display_data                          text1        001F8
__end_of_fputc                                 text8        001AF
__end_of_fputs                                 text7        0027D
__end_of_loop                                  text27       002EB
__end_of_main                                  maintext     00356
__end_of_memcpy                                text28       002C8
__end_of_pad                                   text6        00230
__end_of_printf                                text2        0038A
__end_of_putch                                 text9        003FD
__end_of_spi1_configuration                    stringtext1  0039B
__end_of_vfpfcnvrt                             text4        000CF
__end_of_vfprintf                              text3        00309
__end_of_xtoa                                  text5        00150
__initialization                               cinit        0001B
__pbssBANK0                                    bssBANK0     0006B
__pbssBANK1                                    bssBANK1     000A0
__pbssCOMMON                                   bssCOMMON    00078
__pcstackBANK0                                 cstackBANK0  00020
__pcstackCOMMON                                cstackCOMMON 00070
__pdataBANK1                                   dataBANK1    000CC
__pidataBANK1                                  idataBANK1   003C7
__pintentry                                    intentry     00004
__pmaintext                                    maintext     0033F
__pstringtext1                                 stringtext1  00397
__pstringtext2                                 stringtext2  00000
__ptext1                                       text1        001AF
__ptext10                                      text10       003D1
__ptext11                                      text11       00356
__ptext12                                      text12       0040F
__ptext13                                      text13       00326
__ptext14                                      text14       00409
__ptext15                                      text15       003A3
__ptext16                                      text16       00309
__ptext17                                      text17       003AF
__ptext18                                      text18       0027D
__ptext19                                      text19       003DB
__ptext2                                       text2        0037A
__ptext20                                      text20       003E4
__ptext21                                      text21       003ED
__ptext23                                      text23       0038A
__ptext24                                      text24       00369
__ptext25                                      text25       003BB
__ptext26                                      text26       00413
__ptext27                                      text27       002C8
__ptext28                                      text28       002A3
__ptext29                                      text29       00230
__ptext3                                       text3        002EB
__ptext4                                       text4        0003D
__ptext5                                       text5        000CF
__ptext6                                       text6        001F8
__ptext7                                       text7        00257
__ptext8                                       text8        00150
__ptext9                                       text9        003F6
_dbuf                                          bssBANK1     000A6
_display_data                                  text1        001AF
_eusartRxLastError                             bssBANK0     0006E
_flags                                         bssBANK0     0006D
_fputc                                         text8        00150
_fputs                                         text7        00257
_loop                                          text27       002C8
_main                                          maintext     0033F
_memcpy                                        text28       002A3
_pad                                           text6        001F8
_prec                                          bssBANK0     0006B
_printf                                        text2        0037A
_putch                                         text9        003F6
_spi1_configuration                            stringtext1  00397
_timer1ReloadVal                               bssCOMMON    0007C
_vfpfcnvrt                                     text4        0003D
_vfprintf                                      text3        002EB
_width                                         bssCOMMON    00078
_xtoa                                          text5        000CF
_xtoa$1217                                     cstackBANK0  00044
btemp                                          (abs)        0007E
clear_ram0                                     clrtext      00403
display_data@NUMBER                            cstackBANK0  00066
display_data@SEGMENT                           cstackBANK0  0006A
display_data@tmp                               cstackBANK0  00069
end_of_initialization                          cinit        00039
fputc@c                                        cstackBANK0  00022
fputc@fp                                       cstackBANK0  00024
fputs@c                                        cstackBANK0  0002F
fputs@fp                                       cstackBANK0  0002B
fputs@i                                        cstackBANK0  00030
fputs@s                                        cstackBANK0  00032
init_ram                                       inittext     003FD
int$flags                                      (abs)        0007E
intlevel0                                      functab      00000
intlevel1                                      functab      00000
intlevel2                                      functab      00000
intlevel3                                      functab      00000
intlevel4                                      functab      00000
intlevel5                                      functab      00000
memcpy@d                                       cstackCOMMON 00076
memcpy@d1                                      cstackCOMMON 00075
memcpy@n                                       cstackCOMMON 00071
memcpy@s                                       cstackCOMMON 00077
memcpy@s1                                      cstackCOMMON 00070
memcpy@tmp                                     cstackCOMMON 00074
pad@buf                                        cstackBANK0  00035
pad@fp                                         cstackBANK0  00033
pad@i                                          cstackBANK0  00039
pad@p                                          cstackBANK0  00036
pad@w                                          cstackBANK0  0003B
printf@ap                                      cstackBANK0  00065
printf@fmt                                     cstackBANK0  00061
putch@txData                                   cstackBANK0  00021
reset_vec                                      reset_vec    00000
start                                          init         00019
start_initialization                           cinit        0001B
vfpfcnvrt@ap                                   cstackBANK0  0004E
vfpfcnvrt@convarg                              cstackBANK0  00053
vfpfcnvrt@cp                                   cstackBANK0  00057
vfpfcnvrt@fmt                                  cstackBANK0  0004D
vfpfcnvrt@fp                                   cstackBANK0  0004B
vfprintf@ap                                    cstackBANK0  0005D
vfprintf@cfmt                                  cstackBANK0  0005F
vfprintf@fmt                                   cstackBANK0  0005B
vfprintf@fp                                    cstackBANK0  00059
wtemp0                                         (abs)        0007E
xtoa@c                                         cstackBANK0  0004A
xtoa@d                                         cstackBANK0  0003F
xtoa@fp                                        cstackBANK0  0003D
xtoa@i                                         cstackBANK0  00048
xtoa@p                                         cstackBANK0  00046
xtoa@w                                         cstackBANK0  00042


MODULE INFORMATION

Module		Function		Class		Link	Load	Size
mcc_generated_files/interrupt_manager.c
		_INTERRUPT_InterruptManager		CODE           	0004	0000	21

mcc_generated_files/interrupt_manager.c estimated size: 21

C:\Program Files\Microchip\xc8\v2.41\pic\sources\c99\common\nf_fputc.c
		_fputc         		CODE           	0150	0000	95

C:\Program Files\Microchip\xc8\v2.41\pic\sources\c99\common\nf_fputc.c estimated size: 95

mcc_generated_files/pin_manager.c
		_PIN_MANAGER_Initialize		CODE           	0309	0000	29

mcc_generated_files/pin_manager.c estimated size: 29

mcc_generated_files/spi1.c
		_SPI1_ExchangeBlock		CODE           	0230	0000	39
		_SPI1_Initialize		CODE           	03A3	0000	12

mcc_generated_files/spi1.c estimated size: 51

C:\Program Files\Microchip\xc8\v2.41\pic\sources\c99\common\doprnt.c
		_vfpfcnvrt     		CODE           	003D	0000	146
		_pad           		CODE           	01F8	0000	56
		_vfprintf      		CODE           	02EB	0000	30
		_xtoa          		CODE           	00CF	0000	129

C:\Program Files\Microchip\xc8\v2.41\pic\sources\c99\common\doprnt.c estimated size: 361

shared
		__initialization		CODE           	001B	0000	30
		_spi1_configuration		STRCODE        	0397	0000	4

shared estimated size: 34

mcc_generated_files/mcc.c
		_WDT_Initialize		CODE           	040F	0000	4
		_OSCILLATOR_Initialize		CODE           	03AF	0000	12
		_SYSTEM_Initialize		CODE           	0356	0000	19

mcc_generated_files/mcc.c estimated size: 35

C:\Program Files\Microchip\xc8\v2.41\pic\sources\c99\common\memcpy.c
		_memcpy        		CODE           	02A3	0000	37

C:\Program Files\Microchip\xc8\v2.41\pic\sources\c99\common\memcpy.c estimated size: 37

mcc_generated_files/tmr1.c
		_TMR1_Initialize		CODE           	0326	0000	25
		_TMR1_SetInterruptHandler		CODE           	0409	0000	6
		_TMR1_DefaultInterruptHandler		CODE           	0413	0000	1
		_TMR1_CallBack 		CODE           	03BB	0000	12
		_TMR1_WriteTimer		CODE           	0369	0000	17
		_TMR1_ISR      		CODE           	038A	0000	13

mcc_generated_files/tmr1.c estimated size: 74

C:\Program Files\Microchip\xc8\v2.41\pic\sources\c99\common\nf_fputs.c
		_fputs         		CODE           	0257	0000	38

C:\Program Files\Microchip\xc8\v2.41\pic\sources\c99\common\nf_fputs.c estimated size: 38

mcc_generated_files/eusart.c
		_putch         		CODE           	03F6	0000	7
		_EUSART_Write  		CODE           	03D1	0000	10
		_EUSART_Initialize		CODE           	027D	0000	38
		_EUSART_SetFramingErrorHandler		CODE           	03E4	0000	9
		_EUSART_SetErrorHandler		CODE           	03ED	0000	9
		_EUSART_SetOverrunErrorHandler		CODE           	03DB	0000	9

mcc_generated_files/eusart.c estimated size: 82

main.c
		_loop          		CODE           	02C8	0000	35
		_display_data  		CODE           	01AF	0000	73
		_main          		CODE           	033F	0000	23

main.c estimated size: 131

C:\Program Files\Microchip\xc8\v2.41\pic\sources\c99\common\printf.c
		_printf        		CODE           	037A	0000	16

C:\Program Files\Microchip\xc8\v2.41\pic\sources\c99\common\printf.c estimated size: 16

